// Jest Snapshot v1, https://goo.gl/fbAQLP

exports[`Should match snapshot 1`] = `
.c0 {
  padding: 0.5rem 1rem;
  background-color: greenyellow;
}

<button
  class="c0"
>
  test
</button>
`;
